exports[`test # Block 1`] = `
<div
  className="Block-container blur" />
`;
